0 coordinate
1 hypernym
2 hyponym
     0	aardvark
     1	abalone
     2	abator
     3	abdicator
     4	abiogenist
     5	abjurer
     6	abkhaz
     7	abnaki
     8	abolitionist
     9	abomination
    10	abominator
    11	abortus
    12	abrocome
    13	absentee
    14	absolutist
    15	abstractor
    16	academician
    17	acanthocephalan
    18	acarine
    19	accentor
    20	accompanist
    21	accomplice
    22	accordionist
    23	accuser
    24	achiever
    25	acidophil
    26	acidophilus
    27	acoustician
    28	acquirer
    29	acrobat
    30	acrodont
    31	actinomyces
    32	actinomycete
    33	actinomyxidian
    34	actinopod
    35	actor
    36	actress
    37	adder
    38	addict
    39	addressee
    40	adducer
    41	adjudicator
    42	adolescent
    43	adonis
    44	adoptee
    45	adult
    46	adventurer
    47	adventuress
    48	adversary
    49	advertiser
    50	advisee
    51	advocate
    52	aerialist
    53	aerobe
    54	affiant
    55	affiliate
    56	affine
    57	african
    58	african-american
    59	agama
    60	agamid
    61	agaric
    62	agnate
    63	agnostic
    64	agouti
    65	agronomist
    66	airhead
    67	alabaman
    68	alarmist
    69	alaskan
    70	albanian
    71	alcalde
    72	alchemist
    73	alderfly
    74	alderman
    75	aleut
    76	alexandrian
    77	alga
    78	algebraist
    79	algerian
    80	algonkian
    81	algonquian
    82	alienee
    83	alienor
    84	all-rounder
    85	allegorizer
    86	alleviator
    87	alliterator
    88	allosaur
    89	almoravid
    90	alphabetizer
    91	alpinist
    92	alsatian
    93	altaic
    94	alto
    95	alumnus
    96	amateur
    97	amazon
    98	ameba
    99	american
   100	amerindian
   101	amhara
   102	amigo
   103	amniota
   104	amniote
   105	amoralist
   106	amphidiploid
   107	amputee
   108	anaerobe
   109	analyst
   110	anapsid
   111	anasazi
   112	anatomist
   113	anatotitan
   114	ancestor
   115	ancestress
   116	ancient
   117	andorran
   118	anecdotist
   119	angevin
   120	angler
   121	anglo-american
   122	anglophile
   123	anglophobe
   124	angolan
   125	angolese
   126	animal
   127	animalcule
   128	animist
   129	annalist
   130	annelid
   131	announcer
   132	annuitant
   133	anomalist
   134	anomalopteryx
   135	antbird
   136	anthozoan
   137	anti
   138	anti-american
   139	anti-semite
   140	antifeminist
   141	antinomian
   142	antiquary
   143	apache
   144	apar
   145	apatosaur
   146	aperea
   147	aphorist
   148	apolemia
   149	apologist
   150	apostle
   151	appalachian
   152	appeaser
   153	appendicularia
   154	applicant
   155	appreciator
   156	appropriator
   157	aquarius
   158	arab
   159	arabist
   160	arachnid
   161	arame
   162	aramean
   163	arapaho
   164	arawak
   165	arbiter
   166	arbovirus
   167	arcella
   168	archaebacteria
   169	archaeopteryx
   170	archaeornis
   171	archaist
   172	archduchess
   173	archduke
   174	archer
   175	archiannelid
   176	archivist
   177	archosaur
   178	arenaviridae
   179	areopagite
   180	argentinosaur
   181	argonaut
   182	aries
   183	aristocrat
   184	aristotelian
   185	arithmetician
   186	arizonan
   187	arkansan
   188	armadillo
   189	armenian
   190	armiger
   191	arminian
   192	armyworm
   193	arrogator
   194	arrowworm
   195	arthropod
   196	articulator
   197	artiste
   198	aryan
   199	ascidian
   200	ascomycete
   201	ashkenazi
   202	asian
   203	asp
   204	aspirant
   205	assassin
   206	assayer
   207	assemblyman
   208	assemblywoman
   209	asserter
   210	assessee
   211	assignee
   212	assistant
   213	associate
   214	assyrian
   215	asthmatic
   216	astronaut
   217	astronomer
   218	astrophysicist
   219	atavist
   220	athapaskan
   221	athlete
   222	attache
   223	attendant
   224	attester
   225	audile
   226	aunt
   227	australian
   228	austrian
   229	austronesian
   230	authoress
   231	autobiographer
   232	autochthon
   233	autodidact
   234	avower
   235	awol
   236	ayah
   237	azerbaijani
   238	aztec
   239	b-girl
   240	baas
   241	babu
   242	babylonian
   243	bachelor
   244	bacillus
   245	backbencher
   246	backpacker
   247	backslapper
   248	backstroker
   249	bacteria
   250	bacteriologist
   251	bacteriophage
   252	bacteroid
   253	baggageman
   254	bahai
   255	bahraini
   256	bairn
   257	balancer
   258	baldhead
   259	balkan
   260	balker
   261	ball-buster
   262	balletomane
   263	ballplayer
   264	banderillero
   265	bandicoot
   266	bandsman
   267	bangladeshi
   268	bantamweight
   269	bantu
   270	bard
   271	baritone
   272	barker
   273	barmaid
   274	barnacle
   275	barnstormer
   276	baronduki
   277	baronet
   278	barosaur
   279	barrister
   280	bartender
   281	basidiomycete
   282	basileus
   283	basotho
   284	basque
   285	bassarisk
   286	bassist
   287	bassoonist
   288	bat
   289	batman
   290	batter
   291	bavarian
   292	beachcomber
   293	bear
   294	beater
   295	bedfellow
   296	bedouin
   297	bedwetter
   298	beetle
   299	begum
   300	behaviorist
   301	belgian
   302	believer
   303	bellboy
   304	belle
   305	bellwether
   306	beloved
   307	benedick
   308	beneficiary
   309	bengali
   310	beninese
   311	berber
   312	bereaved
   313	berk
   314	berliner
   315	beroe
   316	berserker
   317	betrothed
   318	bettor
   319	bey
   320	bhutanese
   321	bibliographer
   322	bibliophile
   323	bibliotist
   324	bidder
   325	bigamist
   326	bigot
   327	bimbo
   328	binturong
   329	biochemist
   330	biographer
   331	biologist
   332	biophysicist
   333	biped
   334	bird
   335	bisexual
   336	biter
   337	bivalve
   338	blackfoot
   339	blackshirt
   340	blaster
   341	blastomycete
   342	bleacher
   343	blogger
   344	blond
   345	bloodworm
   346	blubberer
   347	bluecoat
   348	bluestocking
   349	boatman
   350	bobbysoxer
   351	bodybuilder
   352	bolete
   353	bollworm
   354	bombshell
   355	borderer
   356	bornean
   357	borrelia
   358	borrower
   359	bostonian
   360	bot
   361	botanist
   362	botulinus
   363	boulevardier
   364	bourbon
   365	bowerbird
   366	bowler
   367	boxer
   368	boyfriend
   369	bracero
   370	brachiopod
   371	brachycephalic
   372	brachyuran
   373	brahman
   374	brahui
   375	brakeman
   376	brambling
   377	brave
   378	brawler
   379	breadwinner
   380	breaker
   381	breaststroker
   382	breton
   383	bride
   384	bridesmaid
   385	britisher
   386	broad
   387	broadcaster
   388	brother-in-law
   389	brownshirt
   390	browser
   391	brucella
   392	bruin
   393	bruneian
   394	brunet
   395	bryozoan
   396	buddy
   397	budgerigar
   398	bug
   399	bugler
   400	bulgarian
   401	bullfighter
   402	bunter
   403	bunyaviridae
   404	burgomaster
   405	burmese
   406	burundian
   407	bushman
   408	bushtit
   409	busker
   410	butch
   411	butcherbird
   412	butler
   413	buyer
   414	byelorussian
   415	bystander
   416	byzantine
   417	cabalist
   418	cabbageworm
   419	caddie
   420	caddisworm
   421	cahita
   422	cairene
   423	cakchiquel
   424	calculator
   425	californian
   426	caliph
   427	caller
   428	calvinist
   429	calymmatobacterium
   430	cambodian
   431	cameroonian
   432	camper
   433	canaanite
   434	candida
   435	cankerworm
   436	cannibal
   437	canoeist
   438	canonist
   439	capetian
   440	capitalist
   441	capricorn
   442	captor
   443	capybara
   444	careerist
   445	carib
   446	caricaturist
   447	carillonneur
   448	carinate
   449	carnivore
   450	carnosaur
   451	caroler
   452	carolingian
   453	carolinian
   454	carrier
   455	cartesian
   456	carthaginian
   457	cartographer
   458	caseworm
   459	cassowary
   460	caster
   461	castillian
   462	castrato
   463	casualty
   464	cat
   465	catalan
   466	cataloger
   467	catcher
   468	catechist
   469	catechumen
   470	caterpillar
   471	caveman
   472	cavy
   473	cayuga
   474	cebuan
   475	celebrant
   476	cellist
   477	celt
   478	censor
   479	centenarian
   480	centipede
   481	centrist
   482	centurion
   483	cephalochordate
   484	cephalopod
   485	ceratopsian
   486	ceratosaur
   487	cercaria
   488	chachka
   489	chadian
   490	chaffinch
   491	chain-smoker
   492	chaldean
   493	chambermaid
   494	chameleon
   495	champion
   496	changer
   497	charon
   498	chartist
   499	chatterer
   500	chauvinist
   501	chebab
   502	chechen
   503	checker
   504	cheerer
   505	cheerleader
   506	chelonian
   507	chemist
   508	cheops
   509	cheremis
   510	chewa
   511	chewer
   512	chewink
   513	chickadee
   514	chickasaw
   515	chigoe
   516	child
   517	chipewyan
   518	chipmunk
   519	chiropractor
   520	chit
   521	chlorella
   522	choctaw
   523	choirboy
   524	choragus
   525	chordate
   526	chorister
   527	chosen
   528	chronicler
   529	chrysalis
   530	chuckwalla
   531	chukchi
   532	chutzpanik
   533	chuvash
   534	ciliate
   535	cinderella
   536	circassian
   537	circe
   538	citizen
   539	civet
   540	civilian
   541	claimant
   542	clairvoyant
   543	clam
   544	clansman
   545	clapper
   546	clarinetist
   547	clavicipitaceae
   548	clericalist
   549	clerk
   550	climatologist
   551	clinician
   552	closer
   553	clostridium
   554	clown
   555	co-beneficiary
   556	co-ed
   557	coach
   558	coadjutor
   559	coalman
   560	coaster
   561	coati
   562	coauthor
   563	cobber
   564	cobra
   565	coccidium
   566	coccobacillus
   567	coccus
   568	cockateel
   569	cockatoo
   570	cocksucker
   571	coelenterate
   572	coelophysis
   573	cog
   574	coliphage
   575	colleague
   576	collector
   577	colleen
   578	collegian
   579	collembolan
   580	colonial
   581	colonialist
   582	coloradan
   583	coloratura
   584	colossian
   585	colt
   586	columnist
   587	comanche
   588	combatant
   589	comber
   590	comedian
   591	comer
   592	commensal
   593	commoner
   594	communicator
   595	companion
   596	compatriot
   597	compiler
   598	complexifier
   599	compromiser
   600	compsognathus
   601	compulsive
   602	concert-goer
   603	conch
   604	conchologist
   605	conciliator
   606	concubine
   607	confederate
   608	conferee
   609	confidant
   610	confidante
   611	conformist
   612	confucian
   613	congolese
   614	congressman
   615	connecticuter
   616	conoy
   617	conqueror
   618	conquistador
   619	conservative
   620	consignee
   621	consort
   622	conspecific
   623	constitutionalist
   624	constrictor
   625	consumer
   626	contemplative
   627	contemporary
   628	contestant
   629	contestee
   630	contester
   631	contortionist
   632	contralto
   633	conversationalist
   634	converso
   635	convert
   636	conveyancer
   637	conveyer
   638	convict
   639	coolie
   640	coon
   641	copepod
   642	copt
   643	copycat
   644	copyist
   645	copywriter
   646	coquette
   647	cornhusker
   648	corporatist
   649	correspondent
   650	corynebacterium
   651	corythosaur
   652	cosmetologist
   653	cosmographer
   654	cosmologist
   655	cosmopolitan
   656	cossack
   657	costia
   658	cottager
   659	cotter
   660	coue
   661	countertenor
   662	counterterrorist
   663	countryman
   664	countrywoman
   665	courtier
   666	cousin
   667	coward
   668	cowrie
   669	coxcomb
   670	coypu
   671	craftsman
   672	crammer
   673	crapshooter
   674	creditor
   675	cree
   676	creepy-crawly
   677	cretan
   678	cricketer
   679	criminologist
   680	crinoid
   681	cripple
   682	critic
   683	critter
   684	croatian
   685	crooner
   686	cross-examiner
   687	crossbencher
   688	crossbill
   689	croupier
   690	crustacean
   691	cryptanalyst
   692	cryptomonad
   693	cryptoprocta
   694	crystallographer
   695	ctenophore
   696	cuckold
   697	cultist
   698	cupbearer
   699	curandera
   700	curandero
   701	curmudgeon
   702	cuscus
   703	customer
   704	cutthroat
   705	cutworm
   706	cyanobacteria
   707	cyclist
   708	cymbalist
   709	cynodont
   710	cypriot
   711	cyril
   712	cytogeneticist
   713	cytologist
   714	czar
   715	czech
   716	czechoslovakian
   717	dabbler
   718	dad
   719	dalesman
   720	dallier
   721	dalmatian
   722	damascene
   723	dame
   724	damselfly
   725	dancer
   726	dancing-master
   727	dandy
   728	dane
   729	daredevil
   730	darling
   731	darwinian
   732	dastard
   733	daughter-in-law
   734	dauphin
   735	dawdler
   736	daydreamer
   737	dead-man's-fingers
   738	deadhead
   739	debaser
   740	debater
   741	debtor
   742	debutante
   743	decoder
   744	decoy
   745	defaulter
   746	defeatist
   747	defecator
   748	defoliator
   749	deinocheirus
   750	deinonychus
   751	deipnosophist
   752	delawarean
   753	delayer
   754	delegate
   755	deliveryman
   756	demander
   757	demigod
   758	demimondaine
   759	demonstrator
   760	departer
   761	dependant
   762	descendant
   763	deserter
   764	desperate
   765	detainee
   766	devisee
   767	devisor
   768	devourer
   769	dialectician
   770	diapsid
   771	diapsida
   772	diatom
   773	dibranchiate
   774	dickeybird
   775	dictator
   776	dicynodont
   777	dieter
   778	dietician
   779	differentiator
   780	difflugia
   781	digger
   782	dimetrodon
   783	dimwit
   784	diner
   785	dingbat
   786	dinoceras
   787	dinocerate
   788	dinoflagellate
   789	dinosaur
   790	diplococcus
   791	diplodocus
   792	diploid
   793	disciple
   794	discomycete
   795	discussant
   796	disentangler
   797	disputant
   798	dissenter
   799	diver
   800	divorcee
   801	djiboutian
   802	docent
   803	dodderer
   804	dodo
   805	doge
   806	dogmatist
   807	dogsbody
   808	dolichocephalic
   809	doliolum
   810	domestic
   811	dominatrix
   812	don
   813	donatist
   814	donna
   815	dormouse
   816	dosser
   817	dotard
   818	dowager
   819	doyenne
   820	drafter
   821	dragoman
   822	dragonfly
   823	dramatist
   824	drawler
   825	dreamer
   826	drinker
   827	driveller
   828	dromaeosaur
   829	dropout
   830	drummer
   831	druze
   832	dry
   833	dualist
   834	duce
   835	dueler
   836	dunce
   837	dunker
   838	duplicidentata
   839	dynast
   840	dyslectic
   841	earner
   842	earthball
   843	earthstar
   844	earthtongue
   845	earthworm
   846	earwig
   847	easterner
   848	eater
   849	eavesdropper
   850	echidna
   851	echinococcus
   852	echinoderm
   853	eclectic
   854	ecologist
   855	ectomorph
   856	ectoparasite
   857	ectoproct
   858	edaphosaurus
   859	edentate
   860	edmontosaurus
   861	edo
   862	educationist
   863	educator
   864	eelworm
   865	effecter
   866	effendi
   867	egalitarian
   868	egghead
   869	egyptian
   870	ejaculator
   871	elamite
   872	elapid
   873	elder
   874	electrocutioner
   875	electrotherapist
   876	elegist
   877	elephant
   878	elitist
   879	elizabethan
   880	elocutionist
   881	embodiment
   882	emeritus
   883	emigrant
   884	emir
   885	emissary
   886	emperor
   887	empiricist
   888	employable
   889	employee
   890	employer
   891	empress
   892	enate
   893	enchanter
   894	enchantress
   895	encyclopedist
   896	endameba
   897	endomorph
   898	endoparasite
   899	engineer
   900	enjoyer
   901	enologist
   902	enophile
   903	enrollee
   904	entertainer
   905	enthusiast
   906	entomologist
   907	entoproct
   908	environmentalist
   909	enzymologist
   910	eoraptor
   911	ephemerid
   912	ephemeron
   913	epicure
   914	epigone
   915	epistemologist
   916	erie
   917	eritrean
   918	erotic
   919	escapist
   920	escapologist
   921	eschatologist
   922	eskimo
   923	esquire
   924	essayist
   925	essene
   926	ethicist
   927	ethiopian
   928	ethnarch
   929	ethnic
   930	ethologist
   931	etonian
   932	etruscan
   933	etymologist
   934	eubacteria
   935	euglena
   936	euglenoid
   937	eukaryote
   938	eulogist
   939	eunuch
   940	eurafrican
   941	eurasian
   942	european
   943	eurypterid
   944	evacuee
   945	evenki
   946	everyman
   947	evolutionist
   948	ewe
   949	ex-boyfriend
   950	ex-gambler
   951	ex-husband
   952	ex-mayor
   953	ex-spouse
   954	ex-wife
   955	examiner
   956	excavator
   957	executant
   958	executioner
   959	executor
   960	executrix
   961	exegete
   962	exhibitionist
   963	exile
   964	existentialist
   965	expert
   966	explorer
   967	expositor
   968	exterminator
   969	extrovert
   970	eyeful
   971	eyewitness
   972	fabulist
   973	facilitator
   974	factotum
   975	faddist
   976	falangist
   977	familiar
   978	famulus
   979	fanaloka
   980	fanatic
   981	farsi
   982	fascist
   983	fascista
   984	fastener
   985	fatalist
   986	fathead
   987	father
   988	father-figure
   989	father-in-law
   990	featherweight
   991	federal
   992	feline
   993	female
   994	feminist
   995	fence-sitter
   996	fencer
   997	ferryman
   998	fetus
   999	fiance
  1000	fiancee
  1001	fiduciary
  1002	fielder
  1003	fijian
  1004	filibuster
  1005	filicide
  1006	filipino
  1007	filly
  1008	finalist
  1009	finch
  1010	finder
  1011	fink
  1012	finn
  1013	first-nighter
  1014	first-rater
  1015	firstborn
  1016	fissipedia
  1017	flagellate
  1018	flapper
  1019	flatmate
  1020	flatterer
  1021	flatworm
  1022	flaviviridae
  1023	flea
  1024	flibbertigibbet
  1025	flier
  1026	floorwalker
  1027	florentine
  1028	floridian
  1029	flutist
  1030	fly-by-night
  1031	flyweight
  1032	follower
  1033	fool
  1034	footman
  1035	foram
  1036	forebear
  1037	forefather
  1038	foreigner
  1039	foreman
  1040	foremother
  1041	foster-child
  1042	foster-daughter
  1043	foster-son
  1044	francisella
  1045	franco-american
  1046	francophile
  1047	francophobe
  1048	frank
  1049	fratricide
  1050	freak
  1051	freedman
  1052	freelancer
  1053	freeloader
  1054	freeman
  1055	frenchman
  1056	freshman
  1057	freudian
  1058	friend
  1059	front-runner
  1060	frontbencher
  1061	frotteur
  1062	fucker
  1063	fuddy-duddy
  1064	fugitive
  1065	fugleman
  1066	fulani
  1067	funambulist
  1068	functionalist
  1069	fundraiser
  1070	fungus
  1071	futurist
  1072	gabonese
  1073	gadabout
  1074	gadgeteer
  1075	gael
  1076	gagman
  1077	gainer
  1078	galilean
  1079	galoot
  1080	gambian
  1081	gambist
  1082	gambler
  1083	games-master
  1084	ganger
  1085	gangsta
  1086	gardener
  1087	garnishee
  1088	garroter
  1089	gasman
  1090	gasteromycete
  1091	gastropod
  1092	gatekeeper
  1093	gatherer
  1094	gawker
  1095	gazetteer
  1096	gecko
  1097	geek
  1098	geezer
  1099	geglossaceae
  1100	geisha
  1101	gemini
  1102	genealogist
  1103	geneticist
  1104	genitor
  1105	genius
  1106	genoese
  1107	gent
  1108	gentleman
  1109	gentleman-at-arms
  1110	geoduck
  1111	geographer
  1112	geologist
  1113	geometer
  1114	geophysicist
  1115	georgian
  1116	gerbil
  1117	german
  1118	germanist
  1119	ghanian
  1120	ghostwriter
  1121	giant
  1122	giardia
  1123	gibraltarian
  1124	gillie
  1125	girl
  1126	girlfriend
  1127	gladiator
  1128	glaswegian
  1129	globetrotter
  1130	globigerina
  1131	glossarist
  1132	glutton
  1133	gnathostome
  1134	gnostic
  1135	gobbler
  1136	gofer
  1137	goldbrick
  1138	golfer
  1139	goliard
  1140	gomphothere
  1141	gondolier
  1142	goner
  1143	gongorist
  1144	gonococcus
  1145	goody-goody
  1146	gouger
  1147	governess
  1148	governor
  1149	grammarian
  1150	grandchild
  1151	granddaughter
  1152	grandfather
  1153	grandma
  1154	grandmaster
  1155	grandparent
  1156	grandson
  1157	grantee
  1158	granter
  1159	grantor
  1160	graphologist
  1161	gravedigger
  1162	great
  1163	great-aunt
  1164	great-nephew
  1165	great-niece
  1166	great-uncle
  1167	grecian
  1168	greeter
  1169	gregarine
  1170	gringo
  1171	grinner
  1172	griot
  1173	groaner
  1174	groom
  1175	groomsman
  1176	grosbeak
  1177	ground-shaker
  1178	groundhog
  1179	groundling
  1180	growler
  1181	grunter
  1182	guerrilla
  1183	guesser
  1184	guest
  1185	guinean
  1186	guitarist
  1187	gulper
  1188	gunman
  1189	guy
  1190	gymnast
  1191	gymnosophist
  1192	gyromitra
  1193	hacker
  1194	hadrosaur
  1195	haemoproteid
  1196	haemosporidian
  1197	hagiographer
  1198	haida
  1199	hairsplitter
  1200	hajji
  1201	hakham
  1202	hakim
  1203	half-breed
  1204	half-caste
  1205	halobacteria
  1206	halophile
  1207	hamster
  1208	hanger
  1209	hangman
  1210	hanoverian
  1211	haploid
  1212	haplosporidian
  1213	haranguer
  1214	hardliner
  1215	hare
  1216	harmonizer
  1217	harpist
  1218	harpsichordist
  1219	harvestman
  1220	has-been
  1221	hatchling
  1222	hater
  1223	hausa
  1224	hawfinch
  1225	headliner
  1226	headsman
  1227	hearer
  1228	heavy
  1229	heavyweight
  1230	hebraist
  1231	hedonist
  1232	hegelian
  1233	heir
  1234	heir-at-law
  1235	heiress
  1236	heliozoan
  1237	hell-kite
  1238	hellgrammiate
  1239	helminth
  1240	helpmate
  1241	hen-of-the-woods
  1242	herald
  1243	herbalist
  1244	herbivore
  1245	herero
  1246	heretic
  1247	hermaphrodite
  1248	hero
  1249	herpetologist
  1250	herr
  1251	herrerasaur
  1252	heteroploid
  1253	heterosexual
  1254	heterotroph
  1255	hewer
  1256	hexapod
  1257	highbrow
  1258	highflier
  1259	highness
  1260	hiker
  1261	hillbilly
  1262	hinayanist
  1263	hindu
  1264	hippie
  1265	hire
  1266	hireling
  1267	hisser
  1268	histologist
  1269	historian
  1270	hitchhiker
  1271	hitchiti
  1272	hittite
  1273	hmong
  1274	hobbler
  1275	hobbyist
  1276	holdout
  1277	holometabola
  1278	homeboy
  1279	homegirl
  1280	homeless
  1281	homeopath
  1282	homeotherm
  1283	homophobe
  1284	homosexual
  1285	honeycreeper
  1286	honoree
  1287	hoofer
  1288	hookworm
  1289	hoper
  1290	hopi
  1291	hornist
  1292	horseleech
  1293	horseman
  1294	horsewoman
  1295	horticulturist
  1296	host
  1297	hostage
  1298	hostess
  1299	housefather
  1300	housekeeper
  1301	housemate
  1302	housewife
  1303	housewrecker
  1304	huddler
  1305	hugger
  1306	huguenot
  1307	humanist
  1308	hummer
  1309	humorist
  1310	hun
  1311	hungarian
  1312	hunk
  1313	hunter-gatherer
  1314	hupa
  1315	hurdler
  1316	husband
  1317	hussite
  1318	hutu
  1319	hydrologist
  1320	hydrozoan
  1321	hypermastigote
  1322	hypnotist
  1323	hyrax
  1324	iberian
  1325	ibero-mesornis
  1326	ice-skater
  1327	icelander
  1328	iceman
  1329	ichneumon
  1330	ichthyologist
  1331	ichthyosaur
  1332	ichthyosaurus
  1333	ictodosaur
  1334	idahoan
  1335	idealist
  1336	ideologist
  1337	idiot
  1338	idler
  1339	idolizer
  1340	igbo
  1341	iguanid
  1342	iguanodon
  1343	illinoisan
  1344	imam
  1345	immigrant
  1346	immune
  1347	imperialist
  1348	in-law
  1349	inamorata
  1350	inamorato
  1351	inca
  1352	indian
  1353	indianan
  1354	individualist
  1355	indonesian
  1356	inductee
  1357	infanticide
  1358	inferior
  1359	infielder
  1360	informant
  1361	informer
  1362	infusorian
  1363	ingenue
  1364	ingrian
  1365	inhabitant
  1366	inmate
  1367	innocent
  1368	inquirer
  1369	inquisitor
  1370	insect
  1371	insectivore
  1372	instar
  1373	instructress
  1374	insured
  1375	insurgent
  1376	intellectual
  1377	internationalist
  1378	internee
  1379	interpreter
  1380	interviewer
  1381	introvert
  1382	invertebrate
  1383	invigilator
  1384	iowan
  1385	irani
  1386	iraqi
  1387	ironside
  1388	iroquois
  1389	irredentist
  1390	islamist
  1391	islander
  1392	ismaili
  1393	isolationist
  1394	israeli
  1395	israelite
  1396	italian
  1397	itinerant
  1398	jackrabbit
  1399	jacksonian
  1400	jacobite
  1401	jainist
  1402	janissary
  1403	jansenist
  1404	jap
  1405	japanese
  1406	jat
  1407	javanese
  1408	jaywalker
  1409	jeffersonian
  1410	jerboa
  1411	jew
  1412	jewess
  1413	jilt
  1414	jird
  1415	jobholder
  1416	jockey
  1417	joiner
  1418	joker
  1419	jordanian
  1420	journalist
  1421	judge
  1422	juggler
  1423	jumper
  1424	junco
  1425	jungian
  1426	junker
  1427	jurist
  1428	justiciar
  1429	juvenile
  1430	kachina
  1431	kaiser
  1432	kangaroo
  1433	kansan
  1434	karakalpak
  1435	karelian
  1436	kassite
  1437	katharobe
  1438	kazak
  1439	kazakhstani
  1440	kea
  1441	kekchi
  1442	kentuckian
  1443	kenyan
  1444	keyboardist
  1445	keynesian
  1446	khalkha
  1447	khan
  1448	khedive
  1449	kibbutznik
  1450	kickapoo
  1451	kiddy
  1452	kidnapper
  1453	kike
  1454	killer
  1455	kin
  1456	king
  1457	kinkajou
  1458	kinsman
  1459	kinswoman
  1460	kirghiz
  1461	kisser
  1462	kleptomaniac
  1463	klutz
  1464	knacker
  1465	kneeler
  1466	knower
  1467	koala
  1468	koasati
  1469	kolkhoznik
  1470	komi
  1471	korean
  1472	krait
  1473	kraut
  1474	kshatriya
  1475	kurd
  1476	kuwaiti
  1477	kwakiutl
  1478	laborer
  1479	lacer
  1480	lacewing
  1481	lackey
  1482	lactobacillus
  1483	lady
  1484	ladybug
  1485	ladylove
  1486	lagomorph
  1487	lamaist
  1488	lamarckian
  1489	lamplighter
  1490	lancelet
  1491	landlubber
  1492	langlaufer
  1493	languisher
  1494	lao
  1495	lapidary
  1496	lapp
  1497	larva
  1498	larvacean
  1499	lass
  1500	latitudinarian
  1501	latvian
  1502	laudator
  1503	laugher
  1504	laureate
  1505	lawgiver
  1506	lawyer
  1507	layman
  1508	lazybones
  1509	leader
  1510	leaker
  1511	learner
  1512	lebanese
  1513	leech
  1514	legate
  1515	legatee
  1516	legislator
  1517	leishmania
  1518	lemming
  1519	leo
  1520	lepidopterist
  1521	leporid
  1522	leptocephalus
  1523	leptospira
  1524	lerot
  1525	lesbian
  1526	letterman
  1527	leucocytozoan
  1528	levantine
  1529	leveret
  1530	leviathan
  1531	levite
  1532	lexicographer
  1533	liberal
  1534	liberian
  1535	libertarian
  1536	libra
  1537	librarian
  1538	librettist
  1539	libyan
  1540	licentiate
  1541	lie-abed
  1542	liechtensteiner
  1543	lifeguard
  1544	lifer
  1545	light-o'-love
  1546	lightweight
  1547	limnologist
  1548	linguist
  1549	linkboy
  1550	lisper
  1551	listeria
  1552	literate
  1553	lithuanian
  1554	liveryman
  1555	livestock
  1556	livonian
  1557	lizard
  1558	lobbyist
  1559	locator
  1560	logician
  1561	logomach
  1562	loir
  1563	loiterer
  1564	lolita
  1565	lombard
  1566	loner
  1567	longbowman
  1568	longer
  1569	loon
  1570	lorchel
  1571	lorikeet
  1572	lory
  1573	loser
  1574	lothario
  1575	lotus-eater
  1576	louisianan
  1577	louse
  1578	lover
  1579	lowerclassman
  1580	lowlander
  1581	loyalist
  1582	luba
  1583	luddite
  1584	lugworm
  1585	lumberman
  1586	luncher
  1587	lutheran
  1588	lutist
  1589	luxemburger
  1590	lyrebird
  1591	lyricist
  1592	ma
  1593	macaroni
  1594	macaw
  1595	macedonian
  1596	machiavellian
  1597	macushla
  1598	madagascan
  1599	madrigalist
  1600	maenad
  1601	mafioso
  1602	magician
  1603	magistrate
  1604	magus
  1605	maharaja
  1606	maharani
  1607	mahatma
  1608	mahayanist
  1609	mahdist
  1610	maid
  1611	mailman
  1612	mainer
  1613	major-domo
  1614	malacologist
  1615	malawian
  1616	malay
  1617	malaysian
  1618	malcontent
  1619	maldivian
  1620	male
  1621	malecite
  1622	malian
  1623	malik
  1624	malingerer
  1625	maltese
  1626	malthusian
  1627	mam
  1628	mamba
  1629	mammal
  1630	mammalogist
  1631	mammoth
  1632	mammy
  1633	mamo
  1634	man
  1635	manchu
  1636	mandatary
  1637	maneuverer
  1638	manichaean
  1639	maniraptor
  1640	mannequin
  1641	manservant
  1642	mantispid
  1643	maoist
  1644	mapinguari
  1645	maquis
  1646	marcher
  1647	marchioness
  1648	marmot
  1649	maroon
  1650	marrano
  1651	married
  1652	marsupial
  1653	martyr
  1654	marxist
  1655	marylander
  1656	mascot
  1657	masorete
  1658	masquerader
  1659	mastodon
  1660	masturbator
  1661	matador
  1662	matchmaker
  1663	mater
  1664	mathematician
  1665	matriarch
  1666	matricide
  1667	matron
  1668	mattole
  1669	mauler
  1670	mauritanian
  1671	mauritian
  1672	mayan
  1673	mayfly
  1674	mayor
  1675	mayoress
  1676	mealworm
  1677	measurer
  1678	mechanist
  1679	mecopteran
  1680	medalist
  1681	mediator
  1682	mediatrix
  1683	meerkat
  1684	megalosaur
  1685	megatherian
  1686	melter
  1687	member
  1688	memorizer
  1689	memsahib
  1690	mendelian
  1691	menial
  1692	menomini
  1693	mentioner
  1694	mentor
  1695	mercenary
  1696	merostomata
  1697	merovingian
  1698	merozoite
  1699	meshuggeneh
  1700	mesomorph
  1701	messenger
  1702	mestiza
  1703	mestizo
  1704	metallurgist
  1705	metatherian
  1706	metazoan
  1707	meteorologist
  1708	methanogen
  1709	metic
  1710	metis
  1711	mezzo-soprano
  1712	miami
  1713	michigander
  1714	micmac
  1715	microbe
  1716	microbiologist
  1717	microflora
  1718	microorganism
  1719	microscopist
  1720	microsporidian
  1721	middlebrow
  1722	middleweight
  1723	midinette
  1724	migrant
  1725	mikado
  1726	milanese
  1727	militant
  1728	militarist
  1729	milkman
  1730	mill-girl
  1731	mill-hand
  1732	millenarian
  1733	millipede
  1734	mime
  1735	miner
  1736	mineralogist
  1737	minimalist
  1738	minion
  1739	minnesotan
  1740	minoan
  1741	misleader
  1742	misogamist
  1743	missionary
  1744	missourian
  1745	missus
  1746	mistress
  1747	mithraist
  1748	mixed-blood
  1749	mnemonist
  1750	moa
  1751	mockingbird
  1752	mod
  1753	modern
  1754	mohammedan
  1755	mohawk
  1756	mohican
  1757	mollusk
  1758	mollycoddle
  1759	molter
  1760	monarchist
  1761	monegasque
  1762	moneran
  1763	mongol
  1764	mongoloid
  1765	mongoose
  1766	monilia
  1767	monogamist
  1768	monolingual
  1769	monologist
  1770	monophysite
  1771	monotreme
  1772	monsieur
  1773	montanan
  1774	moonlighter
  1775	mopper
  1776	moralist
  1777	mordva
  1778	moro
  1779	moroccan
  1780	morosoph
  1781	mortgagee
  1782	mortgagor
  1783	mossback
  1784	mother
  1785	mother-in-law
  1786	motile
  1787	motorcyclist
  1788	motormouth
  1789	mountaineer
  1790	mourner
  1791	mouse
  1792	mover
  1793	moviegoer
  1794	mozambican
  1795	muezzin
  1796	mufti
  1797	muggee
  1798	mujtihad
  1799	mulatto
  1800	muleteer
  1801	muncher
  1802	murderee
  1803	murderer
  1804	murderess
  1805	murine
  1806	musher
  1807	musician
  1808	musicologist
  1809	muskhogean
  1810	muskogee
  1811	mutant
  1812	mutilator
  1813	mutineer
  1814	mutterer
  1815	muzhik
  1816	muzzler
  1817	mycobacteria
  1818	mycologist
  1819	mycophagist
  1820	mycoplasma
  1821	mylodon
  1822	mylodontid
  1823	myna
  1824	myriapod
  1825	myrmecophile
  1826	myrmidon
  1827	mythologist
  1828	myxobacteria
  1829	myxosporidian
  1830	nahuatl
  1831	naif
  1832	nailer
  1833	namby-pamby
  1834	namer
  1835	namesake
  1836	namibian
  1837	nan
  1838	nanny
  1839	nanomia
  1840	nanticoke
  1841	naprapath
  1842	nark
  1843	narrator
  1844	national
  1845	native
  1846	nativist
  1847	natural
  1848	naturalist
  1849	naturopath
  1850	nauruan
  1851	navaho
  1852	nawab
  1853	naysayer
  1854	nazi
  1855	neapolitan
  1856	nebbish
  1857	nebraskan
  1858	necessitarian
  1859	necker
  1860	negativist
  1861	neglecter
  1862	negotiator
  1863	negotiatress
  1864	neighbor
  1865	nekton
  1866	nematode
  1867	neoclassicist
  1868	neoconservative
  1869	neoliberal
  1870	neologist
  1871	neoplatonist
  1872	neopolitan
  1873	nepalese
  1874	nephew
  1875	nestorian
  1876	netherlander
  1877	neurobiologist
  1878	neurolinguist
  1879	neuropteron
  1880	neuroscientist
  1881	neutral
  1882	neutralist
  1883	nevadan
  1884	newlywed
  1885	newswoman
  1886	newtonian
  1887	nganasan
  1888	nibbler
  1889	niece
  1890	nigerian
  1891	nigerien
  1892	nimby
  1893	nincompoop
  1894	ninja
  1895	nisei
  1896	nitrobacterium
  1897	nitrosobacteria
  1898	nobelist
  1899	noctiluca
  1900	nomad
  1901	nominalist
  1902	non-resistant
  1903	nonagenarian
  1904	nondescript
  1905	nondriver
  1906	nonmember
  1907	nonparticipant
  1908	nonpartisan
  1909	nonperson
  1910	nonreader
  1911	nonresident
  1912	nonsmoker
  1913	nonworker
  1914	nootka
  1915	normalizer
  1916	northerner
  1917	norwegian
  1918	nosher
  1919	nostoc
  1920	nothosaur
  1921	noticer
  1922	novelist
  1923	novillero
  1924	nubian
  1925	nudist
  1926	nullifier
  1927	nullipara
  1928	numidian
  1929	numismatist
  1930	nummulite
  1931	nurser
  1932	nuthatch
  1933	nymphet
  1934	nympholept
  1935	oarsman
  1936	oarswoman
  1937	oboist
  1938	obstructionist
  1939	occidental
  1940	occultist
  1941	oceanographer
  1942	octogenarian
  1943	octopod
  1944	octoroon
  1945	odalisque
  1946	odds-maker
  1947	odist
  1948	odonate
  1949	offspring
  1950	ogler
  1951	ohioan
  1952	oiler
  1953	ojibwa
  1954	oklahoman
  1955	old-man-of-the-woods
  1956	oldster
  1957	oligarch
  1958	oligochaete
  1959	olmec
  1960	olympian
  1961	omani
  1962	omnivore
  1963	oneida
  1964	onlooker
  1965	onondaga
  1966	onychophoran
  1967	operagoer
  1968	optimist
  1969	optometrist
  1970	orator
  1971	orderer
  1972	orderly
  1973	ordinary
  1974	oregonian
  1975	organism
  1976	organist
  1977	oriental
  1978	orientalist
  1979	orleanist
  1980	ormer
  1981	ornithischian
  1982	ornithologist
  1983	ornithomimid
  1984	ornithopod
  1985	orphan
  1986	orthoepist
  1987	oscan
  1988	oscine
  1989	osteologist
  1990	osteopath
  1991	ostrich
  1992	ostyak
  1993	ottawa
  1994	ottoman
  1995	ouster
  1996	out-and-outer
  1997	outcast
  1998	outcaste
  1999	outdoorsman
  2000	outdoorswoman
  2001	outfielder
  2002	outlier
  2003	overachiever
  2004	overlord
  2005	overseer
  2006	oviraptorid
  2007	owner-occupier
  2008	oyabun
  2009	oyster
  2010	paca
  2011	pachuco
  2012	pachyderm
  2013	pacifist
  2014	packer
  2015	packrat
  2016	pademelon
  2017	paiute
  2018	pakistani
  2019	paleface
  2020	paleo-american
  2021	paleontologist
  2022	palestinian
  2023	pallbearer
  2024	pamlico
  2025	pamperer
  2026	pamphleteer
  2027	pangolin
  2028	pansexual
  2029	paper-pusher
  2030	paperboy
  2031	papuan
  2032	parachutist
  2033	paragrapher
  2034	parakeet
  2035	paralegal
  2036	paramecium
  2037	paramedic
  2038	paraprofessional
  2039	parapsychologist
  2040	parasite
  2041	pardoner
  2042	parent
  2043	parisian
  2044	parisienne
  2045	parliamentarian
  2046	parlormaid
  2047	parodist
  2048	parricide
  2049	parrot
  2050	part-timer
  2051	partaker
  2052	parthian
  2053	participant
  2054	partisan
  2055	partitionist
  2056	passamaquody
  2057	passenger
  2058	passerby
  2059	passerine
  2060	paster
  2061	pater
  2062	pathogen
  2063	patrial
  2064	patrician
  2065	patricide
  2066	patriot
  2067	patron
  2068	pawnbroker
  2069	payee
  2070	peasant
  2071	peba
  2072	pedaler
  2073	pedant
  2074	pedestrian
  2075	peer
  2076	peludo
  2077	pelycosaur
  2078	penobscot
  2079	penpusher
  2080	pensioner
  2081	pentathlete
  2082	perceiver
  2083	percher
  2084	percussionist
  2085	perfectionist
  2086	performer
  2087	peri
  2088	peridinian
  2089	peripatetic
  2090	person
  2091	personage
  2092	personification
  2093	perspirer
  2094	persuader
  2095	peshmerga
  2096	pessimist
  2097	pet
  2098	petitioner
  2099	petter
  2100	phalanger
  2101	pharaoh
  2102	phasmid
  2103	philatelist
  2104	philhellene
  2105	philippian
  2106	philistine
  2107	philologist
  2108	philomath
  2109	philosopher
  2110	phoenician
  2111	phonetician
  2112	phonologist
  2113	phoronid
  2114	photojournalist
  2115	photometrist
  2116	phrygian
  2117	physa
  2118	physicist
  2119	physiologist
  2120	phytochemist
  2121	pianist
  2122	picador
  2123	pichiciago
  2124	pickaninny
  2125	picker
  2126	picnicker
  2127	piddock
  2128	pika
  2129	pinworm
  2130	piper
  2131	pipit
  2132	piroplasm
  2133	pisanosaur
  2134	pisser
  2135	pitcher
  2136	pitchman
  2137	pitta
  2138	placental
  2139	plainsman
  2140	planarian
  2141	plankton
  2142	planner
  2143	planula
  2144	platelayer
  2145	platonist
  2146	platyctenean
  2147	platypus
  2148	playboy
  2149	player
  2150	playgoer
  2151	playmaker
  2152	playmate
  2153	pleaser
  2154	plebeian
  2155	plectophera
  2156	pledgee
  2157	pledger
  2158	plesiosaur
  2159	pleurodont
  2160	plier
  2161	pneumococcus
  2162	poacher
  2163	podaxaceae
  2164	poet
  2165	poetess
  2166	poikilotherm
  2167	poisoner
  2168	polemicist
  2169	policyholder
  2170	politician
  2171	pollinator
  2172	pollster
  2173	poltroon
  2174	polyandrist
  2175	polychaete
  2176	polygamist
  2177	polygynist
  2178	polymastigote
  2179	polymorph
  2180	polynesian
  2181	polyploid
  2182	polypore
  2183	pomologist
  2184	ponce
  2185	pooler
  2186	popper
  2187	popularizer
  2188	porcupine
  2189	porter
  2190	posseman
  2191	postdiluvian
  2192	postilion
  2193	postulant
  2194	posturer
  2195	potawatomi
  2196	potboy
  2197	potholer
  2198	powderer
  2199	practitioner
  2200	praetor
  2201	pragmatist
  2202	prattler
  2203	praya
  2204	pre-socratic
  2205	preceptor
  2206	preemptor
  2207	preschooler
  2208	presenter
  2209	presentist
  2210	preservationist
  2211	preteen
  2212	pretender
  2213	preterist
  2214	prey
  2215	primipara
  2216	primitive
  2217	prince
  2218	princeling
  2219	princess
  2220	prisoner
  2221	prizefighter
  2222	pro-lifer
  2223	probable
  2224	probiotic
  2225	proboscidean
  2226	process-server
  2227	procrastinator
  2228	proctor
  2229	procyonid
  2230	prodigal
  2231	prodigy
  2232	professional
  2233	progenitor
  2234	programmer
  2235	prokaryote
  2236	proletarian
  2237	promisee
  2238	promiser
  2239	promoter
  2240	prompter
  2241	promulgator
  2242	propagandist
  2243	propagator
  2244	propositus
  2245	prosecutor
  2246	proselyte
  2247	prospector
  2248	prosthetist
  2249	prostitute
  2250	protectionist
  2251	protege
  2252	protegee
  2253	protist
  2254	protoavis
  2255	protoceratops
  2256	protoctist
  2257	prototherian
  2258	protozoan
  2259	protozoologist
  2260	proturan
  2261	pruner
  2262	prussian
  2263	pseudohermaphrodite
  2264	pseudomonad
  2265	psittacosaur
  2266	psychic
  2267	psycholinguist
  2268	psychologist
  2269	psychophysicist
  2270	psychotherapist
  2271	pteridologist
  2272	pterodactyl
  2273	pterosaur
  2274	publican
  2275	publicist
  2276	pudge
  2277	pueblo
  2278	puerpera
  2279	puffball
  2280	punster
  2281	punter
  2282	pupa
  2283	puppeteer
  2284	purist
  2285	pussycat
  2286	putter
  2287	putterer
  2288	putz
  2289	pyrrhuloxia
  2290	pythium
  2291	qadi
  2292	qatari
  2293	quadripara
  2294	quadroon
  2295	quadruped
  2296	quaffer
  2297	qualifier
  2298	quarreler
  2299	quarryman
  2300	queen
  2301	quibbler
  2302	quiche
  2303	quintipara
  2304	quitter
  2305	quoter
  2306	rabbit
  2307	racist
  2308	racker
  2309	radiobiologist
  2310	radiolarian
  2311	raftsman
  2312	ragamuffin
  2313	ragsorter
  2314	rail-splitter
  2315	raja
  2316	rajput
  2317	rambler
  2318	rani
  2319	ranter
  2320	rapper
  2321	rastafarian
  2322	rat
  2323	rat-catcher
  2324	ratite
  2325	reactionary
  2326	reader
  2327	realist
  2328	rebutter
  2329	recipient
  2330	recitalist
  2331	reciter
  2332	recombinant
  2333	record-breaker
  2334	redhead
  2335	redneck
  2336	redpoll
  2337	redskin
  2338	reenactor
  2339	reformer
  2340	refugee
  2341	regicide
  2342	registrant
  2343	registrar
  2344	regular
  2345	reincarnation
  2346	relative
  2347	relict
  2348	reoviridae
  2349	rep
  2350	repatriate
  2351	repeater
  2352	reporter
  2353	representative
  2354	reptile
  2355	resident
  2356	respecter
  2357	rester
  2358	retiree
  2359	retreatant
  2360	reveler
  2361	revenant
  2362	rhabdoviridae
  2363	rhizoctinia
  2364	rhizopod
  2365	rhymer
  2366	rickettsia
  2367	rider
  2368	ridgeling
  2369	riff
  2370	rightist
  2371	ringhals
  2372	ripper
  2373	riser
  2374	ritualist
  2375	rival
  2376	roarer
  2377	rocker
  2378	rodent
  2379	roisterer
  2380	roller-skater
  2381	rollerblader
  2382	roman
  2383	romanian
  2384	romanov
  2385	romantic
  2386	romeo
  2387	romper
  2388	roommate
  2389	roper
  2390	ropewalker
  2391	rosicrucian
  2392	rotarian
  2393	rotifer
  2394	roughrider
  2395	roundhead
  2396	roundsman
  2397	ruler
  2398	runner-up
  2399	ruralist
  2400	russian
  2401	rustic
  2402	rwandan
  2403	ryukyuan
  2404	sabahan
  2405	sabra
  2406	sadducee
  2407	sage
  2408	sagittarius
  2409	sahib
  2410	salesclerk
  2411	salesgirl
  2412	salesman
  2413	salesperson
  2414	salp
  2415	salutatorian
  2416	samaritan
  2417	samnite
  2418	samoan
  2419	samoyed
  2420	samurai
  2421	sandwichman
  2422	sangoma
  2423	sannup
  2424	saprobe
  2425	saprophyte
  2426	saracen
  2427	sarawakian
  2428	sarcodinian
  2429	sarcosomataceae
  2430	sarcosporidian
  2431	sardinian
  2432	satanist
  2433	satirist
  2434	satrap
  2435	saudi
  2436	sauk
  2437	saunterer
  2438	saurian
  2439	saurischian
  2440	sauropod
  2441	savage
  2442	savoyard
  2443	sawyer
  2444	saxon
  2445	saxophonist
  2446	scab
  2447	scandinavian
  2448	scapegoat
  2449	scaphopod
  2450	scaremonger
  2451	scatterbrain
  2452	scenarist
  2453	scene-stealer
  2454	sceneshifter
  2455	schemer
  2456	schlemiel
  2457	schlepper
  2458	schlimazel
  2459	schnook
  2460	scholar
  2461	scholiast
  2462	schoolfriend
  2463	schoolman
  2464	schoolmarm
  2465	schoolteacher
  2466	scientist
  2467	scion
  2468	sclerotinia
  2469	scoffer
  2470	scorer
  2471	scorpio
  2472	scot
  2473	scotswoman
  2474	scoutmaster
  2475	scratcher
  2476	screenwriter
  2477	screwballer
  2478	scrimshanker
  2479	scriptwriter
  2480	scrubber
  2481	scrubbird
  2482	sculler
  2483	scullion
  2484	scyphozoan
  2485	scythian
  2486	seagrass
  2487	seaweed
  2488	secessionist
  2489	second-rater
  2490	seconder
  2491	sectarian
  2492	secularist
  2493	seeder
  2494	seeker
  2495	segregate
  2496	segregator
  2497	seismologist
  2498	selkup
  2499	semanticist
  2500	semifinalist
  2501	seminarian
  2502	seminole
  2503	semite
  2504	senator
  2505	sendee
  2506	sender
  2507	senegalese
  2508	senhor
  2509	senior
  2510	sensationalist
  2511	sensualist
  2512	sentimentalist
  2513	separatist
  2514	sephardi
  2515	septuagenarian
  2516	serbian
  2517	serin
  2518	serjeant-at-law
  2519	sertularian
  2520	servant
  2521	servitor
  2522	settler
  2523	sexagenarian
  2524	seychellois
  2525	shah
  2526	shaheed
  2527	shaker
  2528	shakespearian
  2529	shanghaier
  2530	sharpshooter
  2531	shaver
  2532	shavian
  2533	shawnee
  2534	sheik
  2535	sheika
  2536	sheller
  2537	shelver
  2538	sherpa
  2539	shiitake
  2540	shiksa
  2541	shill
  2542	shingler
  2543	shintoist
  2544	shipmate
  2545	shipworm
  2546	shogun
  2547	shona
  2548	shopaholic
  2549	shopper
  2550	shortstop
  2551	shoshone
  2552	shoveler
  2553	showman
  2554	shrike
  2555	shudra
  2556	shutterbug
  2557	siberian
  2558	sibling
  2559	sicilian
  2560	sidesman
  2561	sightreader
  2562	sightseer
  2563	signaler
  2564	signalman
  2565	signer
  2566	signor
  2567	signora
  2568	signore
  2569	sikh
  2570	silkworm
  2571	silly
  2572	simperer
  2573	simpleton
  2574	sindhi
  2575	singaporean
  2576	singer
  2577	sinhalese
  2578	sinologist
  2579	sinornis
  2580	siphonophore
  2581	sipper
  2582	sir
  2583	siskin
  2584	sissy
  2585	sister-in-law
  2586	six-footer
  2587	sixth-former
  2588	skateboarder
  2589	skater
  2590	skeptic
  2591	skidder
  2592	skier
  2593	skink
  2594	skinnerian
  2595	skinny-dipper
  2596	skipper
  2597	skirmisher
  2598	skivvy
  2599	skycap
  2600	skydiver
  2601	slacker
  2602	slav
  2603	slave
  2604	sledder
  2605	sleeper
  2606	sleepwalker
  2607	sleepyhead
  2608	slicer
  2609	sloganeer
  2610	sloucher
  2611	slovak
  2612	slovene
  2613	slovenian
  2614	sluggard
  2615	smasher
  2616	smiler
  2617	smirker
  2618	smoker
  2619	snail
  2620	snake
  2621	snakefly
  2622	sneezer
  2623	sniffer
  2624	sniffler
  2625	snorer
  2626	snowboarder
  2627	snuffler
  2628	sobersides
  2629	socializer
  2630	socinian
  2631	sociobiologist
  2632	sociolinguist
  2633	sodalist
  2634	softy
  2635	sojourner
  2636	solderer
  2637	solenogaster
  2638	solicitor
  2639	soloist
  2640	somalian
  2641	somniloquist
  2642	son-in-law
  2643	songbird
  2644	sonneteer
  2645	sophist
  2646	sophisticate
  2647	sophomore
  2648	soprano
  2649	sorbian
  2650	sorcerer
  2651	sorceress
  2652	sorehead
  2653	sorter
  2654	sotho
  2655	soubrette
  2656	southerner
  2657	sovereign
  2658	spacewalker
  2659	spammer
  2660	spaniard
  2661	sparrow
  2662	speaker
  2663	spearhead
  2664	specialist
  2665	specifier
  2666	spectator
  2667	speechwriter
  2668	speedskater
  2669	spellbinder
  2670	spendthrift
  2671	sphinx
  2672	spider
  2673	spirillum
  2674	spirochete
  2675	spitter
  2676	spiv
  2677	splitter
  2678	spokesman
  2679	spokesperson
  2680	spokeswoman
  2681	spongefly
  2682	sponger
  2683	sporozoan
  2684	sporozoite
  2685	spotter
  2686	spouse
  2687	sprawler
  2688	sprayer
  2689	spurner
  2690	squabbler
  2691	squatter
  2692	squaw
  2693	squinter
  2694	squire
  2695	squirrel
  2696	stacker
  2697	stagehand
  2698	staggerer
  2699	stainer
  2700	stakeholder
  2701	stalinist
  2702	stalker
  2703	stammerer
  2704	stamper
  2705	stand-in
  2706	standardizer
  2707	standee
  2708	stander
  2709	staphylococcus
  2710	starer
  2711	starfish
  2712	starlet
  2713	starling
  2714	statistician
  2715	staurikosaur
  2716	stay-at-home
  2717	stayer
  2718	steeplejack
  2719	stenopterygius
  2720	stentor
  2721	stepfather
  2722	stepmother
  2723	stepparent
  2724	stevedore
  2725	steward
  2726	stiff
  2727	stifler
  2728	stigmatic
  2729	stinkhorn
  2730	stipendiary
  2731	stocktaker
  2732	stoic
  2733	stomatopod
  2734	stonecutter
  2735	stonefly
  2736	stonewaller
  2737	stowaway
  2738	straggler
  2739	strategist
  2740	streaker
  2741	streetwalker
  2742	streptococcus
  2743	streptomyces
  2744	stretcher-bearer
  2745	strider
  2746	striker
  2747	stringer
  2748	strongman
  2749	struggler
  2750	struthiomimus
  2751	stud
  2752	student
  2753	stumblebum
  2754	stumbler
  2755	stupid
  2756	styracosaur
  2757	subjectivist
  2758	subjugator
  2759	submitter
  2760	subnormal
  2761	subordinate
  2762	subscriber
  2763	subtracter
  2764	suburbanite
  2765	subvocalizer
  2766	successor
  2767	sudanese
  2768	suffragette
  2769	suffragist
  2770	sultan
  2771	sumatran
  2772	sumerian
  2773	summercaters
  2774	sunbather
  2775	sundowner
  2776	superbug
  2777	supergrass
  2778	superior
  2779	supermodel
  2780	supermom
  2781	supernumerary
  2782	supervisor
  2783	supporter
  2784	supremacist
  2785	suricate
  2786	surpriser
  2787	surrenderer
  2788	surrogate
  2789	surveyor
  2790	survivalist
  2791	survivor
  2792	suspect
  2793	svengali
  2794	swaggerer
  2795	swagman
  2796	swazi
  2797	swede
  2798	sweeper
  2799	sweetheart
  2800	swimmer
  2801	swinger
  2802	switch-hitter
  2803	swot
  2804	sycophant
  2805	syllogist
  2806	sylph
  2807	sympathizer
  2808	synapsid
  2809	synonymist
  2810	synthesist
  2811	syrian
  2812	tablemate
  2813	tacker
  2814	tactician
  2815	tadpole
  2816	tagalog
  2817	tagalong
  2818	tagger
  2819	tahitian
  2820	taipan
  2821	taiwanese
  2822	tajik
  2823	taker
  2824	tanager
  2825	tantrist
  2826	tanzanian
  2827	taoist
  2828	taos
  2829	tapeworm
  2830	tapster
  2831	taracahitian
  2832	tarahumara
  2833	tardigrade
  2834	tarzan
  2835	taskmaster
  2836	taskmistress
  2837	tatar
  2838	tatouay
  2839	taxonomist
  2840	teacher
  2841	teammate
  2842	tearaway
  2843	teaser
  2844	technocrat
  2845	technophobe
  2846	telecaster
  2847	teleologist
  2848	telepathist
  2849	tellurian
  2850	temp
  2851	temporizer
  2852	tempter
  2853	tennessean
  2854	tenrec
  2855	teredo
  2856	termer
  2857	termite
  2858	testacean
  2859	testator
  2860	testatrix
  2861	testifier
  2862	tetrahymena
  2863	tetrapod
  2864	teuton
  2865	teutonist
  2866	texan
  2867	thai
  2868	thatcherite
  2869	theban
  2870	thecodont
  2871	theologian
  2872	theorist
  2873	therapist
  2874	therapsid
  2875	thermoacidophile
  2876	theropod
  2877	thinker
  2878	thiobacillus
  2879	thiobacteria
  2880	third-rater
  2881	thoroughbred
  2882	thracian
  2883	thrips
  2884	throwster
  2885	thysanopter
  2886	tiger
  2887	tiler
  2888	tilter
  2889	timorese
  2890	titanosaur
  2891	titmouse
  2892	titterer
  2893	tlingit
  2894	toaster
  2895	tobogganist
  2896	toddler
  2897	togaviridae
  2898	togolese
  2899	toiler
  2900	toller
  2901	tollkeeper
  2902	toltec
  2903	tomboy
  2904	tongan
  2905	topper
  2906	torchbearer
  2907	torero
  2908	tory
  2909	tosser
  2910	totalitarian
  2911	totemist
  2912	touch-typist
  2913	toucher
  2914	tourist
  2915	tovarich
  2916	towhead
  2917	towhee
  2918	townes
  2919	townsman
  2920	trachodon
  2921	traditionalist
  2922	tragedian
  2923	tragedienne
  2924	trainbearer
  2925	trainer
  2926	trainman
  2927	tramp
  2928	transcendentalist
  2929	transferee
  2930	transient
  2931	transplanter
  2932	transvestite
  2933	traveler
  2934	trekker
  2935	trencher
  2936	treponema
  2937	tribesman
  2938	triceratops
  2939	trichina
  2940	trichodesmium
  2941	trichomonad
  2942	trier
  2943	trifler
  2944	trigonometrician
  2945	trilobite
  2946	trinidadian
  2947	trinitarian
  2948	trogon
  2949	trojan
  2950	trombonist
  2951	trophozoite
  2952	truant
  2953	trudger
  2954	truffle
  2955	trumpeter
  2956	trustee
  2957	trusty
  2958	tswana
  2959	tuareg
  2960	tuatara
  2961	tub-thumper
  2962	tumbler
  2963	tungus
  2964	tungusic
  2965	tunicate
  2966	tunisian
  2967	turk
  2968	turki
  2969	turkoman
  2970	turncock
  2971	tuscan
  2972	tuscarora
  2973	tusker
  2974	tutee
  2975	tutsi
  2976	twaddler
  2977	twerp
  2978	twin
  2979	twiner
  2980	twitterer
  2981	tympanist
  2982	typist
  2983	tyrannid
  2984	tyrannosaur
  2985	tyrolean
  2986	udmurt
  2987	ugandan
  2988	uighur
  2989	ukranian
  2990	uncle
  2991	underachiever
  2992	underboss
  2993	undergraduate
  2994	understudy
  2995	unfortunate
  2996	unguiculata
  2997	unguiculate
  2998	ungulata
  2999	ungulate
  3000	unicyclist
  3001	unilateralist
  3002	unitarian
  3003	untouchable
  3004	upholder
  3005	upsetter
  3006	upstager
  3007	urchin
  3008	user
  3009	usufructuary
  3010	utahan
  3011	utahraptor
  3012	ute
  3013	utilitarian
  3014	utilizer
  3015	utopian
  3016	utterer
  3017	uxor
  3018	uxoricide
  3019	uzbek
  3020	vacationer
  3021	vagrant
  3022	vaisya
  3023	valedictorian
  3024	valentine
  3025	valet
  3026	vanisher
  3027	vassal
  3028	vaudevillian
  3029	vaulter
  3030	vedalia
  3031	vedist
  3032	vegan
  3033	vegetarian
  3034	velociraptor
  3035	venetian
  3036	venter
  3037	ventriloquist
  3038	veps
  3039	verdin
  3040	vermonter
  3041	vertebrate
  3042	verticillium
  3043	vestal
  3044	vibist
  3045	vibrio
  3046	vicereine
  3047	viceroy
  3048	victim
  3049	victor
  3050	victorian
  3051	vietnamese
  3052	viking
  3053	villager
  3054	vinegarroon
  3055	violinist
  3056	violist
  3057	viper
  3058	vireo
  3059	virgin
  3060	virginian
  3061	virgo
  3062	virologist
  3063	virus
  3064	visayan
  3065	viscacha
  3066	viscountess
  3067	visionary
  3068	visitor
  3069	visualizer
  3070	vitalist
  3071	viverrine
  3072	vivisectionist
  3073	vociferator
  3074	vogul
  3075	voluptuary
  3076	vorticella
  3077	voter
  3078	voucher
  3079	vower
  3080	voyager
  3081	voyeur
  3082	vulgarizer
  3083	wac
  3084	waddler
  3085	waffler
  3086	wag
  3087	wagnerian
  3088	wagtail
  3089	waif
  3090	wailer
  3091	wakashan
  3092	waker
  3093	walk-in
  3094	walk-on
  3095	wallaby
  3096	wallah
  3097	walloon
  3098	wally
  3099	wampanoag
  3100	wanderer
  3101	wanter
  3102	wanton
  3103	warbler
  3104	ward
  3105	warehouser
  3106	warrantee
  3107	warrior
  3108	washer
  3109	washerman
  3110	washingtonian
  3111	washwoman
  3112	wasp
  3113	wastrel
  3114	waver
  3115	waverer
  3116	waxwing
  3117	wayfarer
  3118	weakling
  3119	wearer
  3120	weasel
  3121	weatherman
  3122	webworm
  3123	weekender
  3124	weeper
  3125	weevil
  3126	weightlifter
  3127	welshman
  3128	westerner
  3129	wheatworm
  3130	wheedler
  3131	whiffer
  3132	whig
  3133	whip-scorpion
  3134	whipper-in
  3135	whisperer
  3136	white
  3137	whitey
  3138	whittler
  3139	whoremaster
  3140	wicket-keeper
  3141	widow
  3142	widower
  3143	wife
  3144	wiggler
  3145	wimp
  3146	winder
  3147	winger
  3148	winker
  3149	winner
  3150	wiper
  3151	wirer
  3152	wireworm
  3153	wisconsinite
  3154	withholder
  3155	withstander
  3156	witness
  3157	wittol
  3158	woman
  3159	womanizer
  3160	wombat
  3161	wonderer
  3162	woodborer
  3163	woodcutter
  3164	woodhewer
  3165	woodsman
  3166	woodworm
  3167	wop
  3168	word-painter
  3169	wordmonger
  3170	wordsmith
  3171	workaholic
  3172	worker
  3173	workman
  3174	workmate
  3175	worldling
  3176	worm
  3177	wrack
  3178	wrangler
  3179	wrecker
  3180	wren-tit
  3181	wrestler
  3182	writer
  3183	wykehamist
  3184	wyomingite
  3185	xanthomonad
  3186	xhosa
  3187	xylophonist
  3188	yakut
  3189	yankee
  3190	yardman
  3191	yardmaster
  3192	yawner
  3193	yemeni
  3194	yeniseian
  3195	yodeller
  3196	yokel
  3197	yoruba
  3198	young
  3199	yucatec
  3200	yugoslav
  3201	yuppie
  3202	zairese
  3203	zambian
  3204	zapotec
  3205	zealander
  3206	zealot
  3207	zimbabwean
  3208	zionist
  3209	zooid
  3210	zoologist
  3211	zoomastigote
  3212	zoophyte
  3213	zooplankton
  3214	zoroastrian
  3215	zulu
  3216	zuni
